d:\itiproblemsolving\jam\jam\x64\debug\vc143.pdb
d:\itiproblemsolving\jam\jam\x64\debug\vc143.idb
d:\itiproblemsolving\jam\jam\x64\debug\world.obj
d:\itiproblemsolving\jam\jam\x64\debug\sfml1.obj
d:\itiproblemsolving\jam\jam\x64\debug\player.obj
d:\itiproblemsolving\jam\jam\x64\debug\optionsui.obj
d:\itiproblemsolving\jam\jam\x64\debug\mainmenu.obj
d:\itiproblemsolving\jam\jam\x64\debug\game.obj
d:\itiproblemsolving\jam\jam\x64\debug\audiomanager.obj
d:\itiproblemsolving\jam\jam\x64\debug\animation.obj
d:\itiproblemsolving\jam\x64\debug\template.exe
d:\itiproblemsolving\jam\x64\debug\template.pdb
d:\itiproblemsolving\jam\jam\x64\debug\animated.h.module.json
d:\itiproblemsolving\jam\jam\x64\debug\template.ilk
d:\itiproblemsolving\jam\jam\x64\debug\animated.h.obj
d:\itiproblemsolving\jam\jam\x64\debug\animated.obj
d:\itiproblemsolving\jam\jam\x64\debug\animatedelement.obj
d:\itiproblemsolving\jam\jam\x64\debug\gamemanager.obj
d:\itiproblemsolving\jam\jam\x64\debug\grocerysystem.obj
d:\itiproblemsolving\jam\jam\x64\debug\level.obj
d:\itiproblemsolving\jam\jam\x64\debug\main.obj
d:\itiproblemsolving\jam\jam\x64\debug\mycontactlistener.obj
d:\itiproblemsolving\jam\jam\x64\debug\optionswindow.obj
d:\itiproblemsolving\jam\jam\x64\debug\swallowobstacle.obj
d:\itiproblemsolving\jam\jam\x64\debug\jam.ilk
d:\itiproblemsolving\jam\jam\x64\debug\template.tlog\cl.command.1.tlog
d:\itiproblemsolving\jam\jam\x64\debug\template.tlog\cl.items.tlog
d:\itiproblemsolving\jam\jam\x64\debug\template.tlog\cl.read.1.tlog
d:\itiproblemsolving\jam\jam\x64\debug\template.tlog\cl.write.1.tlog
d:\itiproblemsolving\jam\jam\x64\debug\template.tlog\link.command.1.tlog
d:\itiproblemsolving\jam\jam\x64\debug\template.tlog\link.read.1.tlog
d:\itiproblemsolving\jam\jam\x64\debug\template.tlog\link.secondary.1.tlog
d:\itiproblemsolving\jam\jam\x64\debug\template.tlog\link.write.1.tlog
d:\itiproblemsolving\jam\jam\x64\debug\template_md.tlog\cl.command.1.tlog
d:\itiproblemsolving\jam\jam\x64\debug\template_md.tlog\microsoft.build.cpptasks.cl.read.1.tlog
d:\itiproblemsolving\jam\jam\x64\debug\template_md.tlog\microsoft.build.cpptasks.cl.write.1.tlog
