d:\itiproblemsolving\jam\jam\x64\release\vc143.pdb
d:\itiproblemsolving\jam\jam\x64\release\world.obj
d:\itiproblemsolving\jam\jam\x64\release\sfml1.obj
d:\itiproblemsolving\jam\jam\x64\release\player.obj
d:\itiproblemsolving\jam\jam\x64\release\optionsui.obj
d:\itiproblemsolving\jam\jam\x64\release\mainmenu.obj
d:\itiproblemsolving\jam\jam\x64\release\game.obj
d:\itiproblemsolving\jam\jam\x64\release\audiomanager.obj
d:\itiproblemsolving\jam\jam\x64\release\animation.obj
d:\itiproblemsolving\jam\jam\x64\release\template.ipdb
d:\itiproblemsolving\jam\jam\x64\release\template.iobj
d:\itiproblemsolving\jam\x64\release\template.pdb
d:\itiproblemsolving\jam\jam\x64\release\template.tlog\cl.command.1.tlog
d:\itiproblemsolving\jam\jam\x64\release\template.tlog\cl.items.tlog
d:\itiproblemsolving\jam\jam\x64\release\template.tlog\cl.read.1.tlog
d:\itiproblemsolving\jam\jam\x64\release\template.tlog\cl.write.1.tlog
d:\itiproblemsolving\jam\jam\x64\release\template.tlog\link-cvtres.read.1.tlog
d:\itiproblemsolving\jam\jam\x64\release\template.tlog\link-cvtres.write.1.tlog
d:\itiproblemsolving\jam\jam\x64\release\template.tlog\link-rc.read.1.tlog
d:\itiproblemsolving\jam\jam\x64\release\template.tlog\link-rc.write.1.tlog
d:\itiproblemsolving\jam\jam\x64\release\template.tlog\link.command.1.tlog
d:\itiproblemsolving\jam\jam\x64\release\template.tlog\link.read.1.tlog
d:\itiproblemsolving\jam\jam\x64\release\template.tlog\link.read.54.tlog
d:\itiproblemsolving\jam\jam\x64\release\template.tlog\link.secondary.1.tlog
d:\itiproblemsolving\jam\jam\x64\release\template.tlog\link.write.1.tlog
